//
// Source
// ------------------------------------------

internal class SomeFoo(val value: Int)
internal class ParameterizedFoo<K>(val value: K)
internal class MultipleFoo<K, T>(val value: K, val param: T)

//
// Transformed IR
// ------------------------------------------

@StabilityInferred(parameters = 1)
internal class SomeFoo(val value: Int)
@StabilityInferred(parameters = 1)
internal class ParameterizedFoo<K> (val value: K)
@StabilityInferred(parameters = 3)
internal class MultipleFoo<K, T> (val value: K, val param: T)
